\BOOKMARK [0][-]{chapter*.1}{\376\377\000D\000\351\000d\000i\000c\000a\000c\000e\000s}{}% 1
\BOOKMARK [0][-]{chapter*.2}{\376\377\000R\000e\000m\000e\000r\000c\000i\000e\000m\000e\000n\000t\000s}{}% 2
\BOOKMARK [0][-]{chapter*.3}{\376\377\000R\000\351\000s\000u\000m\000\351}{}% 3
\BOOKMARK [0][-]{chapter*.3}{\376\377\000L\000i\000s\000t\000e\000\040\000d\000e\000s\000\040\000f\000i\000g\000u\000r\000e\000s}{}% 4
\BOOKMARK [0][-]{chapter*.3}{\376\377\000L\000i\000s\000t\000e\000\040\000d\000e\000s\000\040\000t\000a\000b\000l\000e\000a\000u\000x}{}% 5
\BOOKMARK [0][-]{chapter*.4}{\376\377\000L\000i\000s\000t\000e\000\040\000d\000e\000s\000\040\000a\000c\000r\000o\000n\000y\000m\000e\000s}{}% 6
\BOOKMARK [0][-]{chapter*.5}{\376\377\000I\000n\000t\000r\000o\000d\000u\000c\000t\000i\000o\000n\000\040\000g\000\351\000n\000\351\000r\000a\000l\000e}{}% 7
\BOOKMARK [-1][-]{part.1}{\376\377\000I\000\040\000A\000r\000c\000h\000i\000t\000e\000c\000t\000u\000r\000e\000\040\000e\000t\000\040\000c\000h\000o\000i\000x\000\040\000d\000e\000\040\000c\000o\000n\000c\000e\000p\000t\000i\000o\000n}{}% 8
\BOOKMARK [0][-]{chapter.1}{\376\377\000V\000u\000e\000\040\000d\000'\000e\000n\000s\000e\000m\000b\000l\000e\000\040\000d\000e\000\040\000l\000a\000\040\000p\000l\000a\000t\000e\000f\000o\000r\000m\000e}{part.1}% 9
\BOOKMARK [1][-]{section.1.1}{\376\377\000C\000e\000\040\000q\000u\000e\000\040\000l\000a\000\040\000p\000l\000a\000t\000e\000f\000o\000r\000m\000e\000\040\000d\000o\000i\000t\000\040\000p\000r\000o\000u\000v\000e\000r}{chapter.1}% 10
\BOOKMARK [1][-]{section.1.2}{\376\377\000L\000e\000s\000\040\000s\000i\000x\000\040\000c\000o\000u\000c\000h\000e\000s\000\040\000e\000t\000\040\000l\000e\000u\000r\000\040\000e\000n\000c\000h\000a\000\356\000n\000e\000m\000e\000n\000t}{chapter.1}% 11
\BOOKMARK [1][-]{section.1.3}{\376\377\000T\000o\000p\000o\000l\000o\000g\000i\000e\000\040\000r\000\351\000s\000e\000a\000u\000\040\000e\000t\000\040\000d\000i\000m\000e\000n\000s\000i\000o\000n\000n\000e\000m\000e\000n\000t}{chapter.1}% 12
\BOOKMARK [0][-]{chapter.2}{\376\377\000I\000n\000f\000r\000a\000s\000t\000r\000u\000c\000t\000u\000r\000e\000\040\000a\000s\000\040\000C\000o\000d\000e\000\040\000:\000\040\000c\000o\000m\000m\000e\000n\000t\000\040\000u\000n\000e\000\040\000m\000a\000c\000h\000i\000n\000e\000\040\000v\000i\000r\000t\000u\000e\000l\000l\000e\000\040\000n\000a\000\356\000t}{part.1}% 13
\BOOKMARK [1][-]{section.2.1}{\376\377\000L\000'\000h\000y\000p\000e\000r\000v\000i\000s\000e\000u\000r\000\040\000:\000\040\000d\000o\000n\000n\000e\000r\000\040\000u\000n\000\040\000c\000o\000r\000p\000s\000\040\000\340\000\040\000l\000a\000\040\000m\000a\000c\000h\000i\000n\000e}{chapter.2}% 14
\BOOKMARK [1][-]{section.2.2}{\376\377\000T\000e\000r\000r\000a\000f\000o\000r\000m\000\040\000:\000\040\000d\000\351\000c\000l\000a\000r\000e\000r\000\040\000l\000'\000\351\000t\000a\000t\000\040\000v\000o\000u\000l\000u}{chapter.2}% 15
\BOOKMARK [1][-]{section.2.3}{\376\377\000c\000l\000o\000u\000d\000-\000i\000n\000i\000t\000\040\000:\000\040\000d\000u\000r\000c\000i\000r\000\040\000a\000v\000a\000n\000t\000\040\000m\000\352\000m\000e\000\040\000l\000e\000\040\000p\000r\000e\000m\000i\000e\000r\000\040\000l\000o\000g\000i\000n}{chapter.2}% 16
\BOOKMARK [1][-]{section.2.4}{\376\377\000A\000n\000s\000i\000b\000l\000e\000\040\000:\000\040\000d\000e\000\040\000l\000'\000U\000b\000u\000n\000t\000u\000\040\000g\000\351\000n\000\351\000r\000i\000q\000u\000e\000\040\000a\000u\000\040\000n\001\123\000u\000d\000\040\000K\000u\000b\000e\000r\000n\000e\000t\000e\000s}{chapter.2}% 17
\BOOKMARK [0][-]{chapter.3}{\376\377\000O\000r\000c\000h\000e\000s\000t\000r\000a\000t\000i\000o\000n\000\040\000:\000\040\000d\000'\000u\000n\000\040\000c\000o\000m\000m\000i\000t\000\040\000\340\000\040\000u\000n\000\040\000p\000o\000d\000\040\000e\000n\000\040\000p\000r\000o\000d\000u\000c\000t\000i\000o\000n}{part.1}% 18
\BOOKMARK [1][-]{section.3.1}{\376\377\000C\000o\000n\000s\000t\000r\000u\000i\000r\000e\000\040\000:\000\040\000D\000o\000c\000k\000e\000r\000\040\000e\000t\000\040\000l\000e\000\040\000m\000o\000d\000\350\000l\000e\000\040\000m\000u\000l\000t\000i\000-\000s\000t\000a\000g\000e}{chapter.3}% 19
\BOOKMARK [1][-]{section.3.2}{\376\377\000E\000x\000\351\000c\000u\000t\000e\000r\000\040\000:\000\040\000c\000o\000n\000t\000a\000i\000n\000e\000r\000d\000\040\000e\000t\000\040\000l\000a\000\040\000f\000i\000n\000\040\000d\000e\000\040\000D\000o\000c\000k\000e\000r\000\040\000e\000n\000\040\000p\000r\000o\000d\000u\000c\000t\000i\000o\000n}{chapter.3}% 20
\BOOKMARK [1][-]{section.3.3}{\376\377\000O\000r\000c\000h\000e\000s\000t\000r\000e\000r\000\040\000:\000\040\000K\000u\000b\000e\000r\000n\000e\000t\000e\000s\000\040\0001\000.\0002\0008\000\040\000e\000t\000\040\000C\000a\000l\000i\000c\000o}{chapter.3}% 21
\BOOKMARK [1][-]{section.3.4}{\376\377\000P\000e\000r\000s\000o\000n\000n\000a\000l\000i\000s\000e\000r\000\040\000p\000a\000r\000\040\000e\000n\000v\000i\000r\000o\000n\000n\000e\000m\000e\000n\000t\000\040\000:\000\040\000K\000u\000s\000t\000o\000m\000i\000z\000e}{chapter.3}% 22
\BOOKMARK [0][-]{chapter.4}{\376\377\000A\000p\000p\000l\000i\000c\000a\000t\000i\000o\000n\000s\000\040\000e\000t\000\040\000g\000e\000s\000t\000i\000o\000n\000\040\000d\000y\000n\000a\000m\000i\000q\000u\000e\000\040\000d\000e\000s\000\040\000s\000e\000c\000r\000e\000t\000s}{part.1}% 23
\BOOKMARK [1][-]{section.4.1}{\376\377\000T\000r\000o\000i\000s\000\040\000s\000e\000r\000v\000i\000c\000e\000s\000,\000\040\000u\000n\000e\000\040\000s\000e\000u\000l\000e\000\040\000p\000l\000a\000t\000e\000f\000o\000r\000m\000e}{chapter.4}% 24
\BOOKMARK [1][-]{section.4.2}{\376\377\000L\000e\000\040\000c\000o\000n\000t\000r\000a\000t\000\040\000f\000a\000i\000l\000-\000c\000l\000o\000s\000e\000d}{chapter.4}% 25
\BOOKMARK [1][-]{section.4.3}{\376\377\000L\000a\000\040\000b\000i\000b\000l\000i\000o\000t\000h\000\350\000q\000u\000e\000\040\000p\000a\000r\000t\000a\000g\000\351\000e\000\040\000:\000\040\000u\000n\000\040\000s\000e\000u\000l\000\040\000c\000o\000m\000p\000o\000r\000t\000e\000m\000e\000n\000t\000\040\000p\000o\000u\000r\000\040\000t\000r\000o\000i\000s\000\040\000s\000e\000r\000v\000i\000c\000e\000s}{chapter.4}% 26
\BOOKMARK [1][-]{section.4.4}{\376\377\000V\000a\000u\000l\000t\000\040\000:\000\040\000d\000i\000s\000t\000r\000i\000b\000u\000e\000r\000\040\000l\000e\000s\000\040\000s\000e\000c\000r\000e\000t\000s\000\040\000s\000a\000n\000s\000\040\000l\000e\000s\000\040\000f\000i\000g\000e\000r\000\040\000d\000a\000n\000s\000\040\000G\000i\000t}{chapter.4}% 27
\BOOKMARK [0][-]{chapter.5}{\376\377\000O\000b\000s\000e\000r\000v\000a\000b\000i\000l\000i\000t\000\351\000\040\000e\000t\000\040\000o\000b\000j\000e\000c\000t\000i\000f\000s\000\040\000d\000e\000\040\000n\000i\000v\000e\000a\000u\000\040\000d\000e\000\040\000s\000e\000r\000v\000i\000c\000e}{part.1}% 28
\BOOKMARK [1][-]{section.5.1}{\376\377\000P\000r\000o\000m\000e\000t\000h\000e\000u\000s\000\040\000:\000\040\000l\000a\000\040\000c\000o\000l\000l\000e\000c\000t\000e\000\040\000d\000e\000\040\000m\000\351\000t\000r\000i\000q\000u\000e\000s}{chapter.5}% 29
\BOOKMARK [1][-]{section.5.2}{\376\377\000A\000l\000e\000r\000t\000M\000a\000n\000a\000g\000e\000r\000\040\000:\000\040\000d\000u\000\040\000s\000e\000u\000i\000l\000\040\000P\000r\000o\000m\000Q\000L\000\040\000\340\000\040\000l\000'\000a\000l\000e\000r\000t\000e\000\040\000r\000o\000u\000t\000\351\000e}{chapter.5}% 30
\BOOKMARK [1][-]{section.5.3}{\376\377\000G\000r\000a\000f\000a\000n\000a\000\040\000:\000\040\000l\000e\000s\000\040\000t\000a\000b\000l\000e\000a\000u\000x\000\040\000d\000e\000\040\000b\000o\000r\000d\000\040\000c\000o\000m\000m\000e\000\040\000d\000u\000\040\000c\000o\000d\000e}{chapter.5}% 31
\BOOKMARK [1][-]{section.5.4}{\376\377\000E\000L\000K\000\040\000:\000\040\000q\000u\000a\000n\000d\000\040\000l\000e\000s\000\040\000m\000\351\000t\000r\000i\000q\000u\000e\000s\000\040\000n\000e\000\040\000s\000u\000f\000f\000i\000s\000e\000n\000t\000\040\000p\000l\000u\000s}{chapter.5}% 32
\BOOKMARK [1][-]{section.5.5}{\376\377\000L\000e\000\040\000m\000o\000d\000\350\000l\000e\000\040\000d\000e\000\040\000m\000e\000n\000a\000c\000e\000s\000\040\000v\000u\000\040\000\340\000\040\000t\000r\000a\000v\000e\000r\000s\000\040\000l\000'\000o\000b\000s\000e\000r\000v\000a\000b\000i\000l\000i\000t\000\351}{chapter.5}% 33
\BOOKMARK [1][-]{section.5.6}{\376\377\000S\000L\000O\000\040\000:\000\040\000t\000r\000a\000n\000s\000f\000o\000r\000m\000e\000r\000\040\000l\000a\000\040\000s\000u\000p\000e\000r\000v\000i\000s\000i\000o\000n\000\040\000e\000n\000\040\000c\000o\000n\000t\000r\000a\000t}{chapter.5}% 34
\BOOKMARK [0][-]{chapter.6}{\376\377\000I\000n\000t\000\351\000g\000r\000a\000t\000i\000o\000n\000\040\000e\000t\000\040\000d\000\351\000p\000l\000o\000i\000e\000m\000e\000n\000t\000\040\000c\000o\000n\000t\000i\000n\000u\000s}{part.1}% 35
\BOOKMARK [1][-]{section.6.1}{\376\377\000G\000i\000t\000H\000u\000b\000\040\000A\000c\000t\000i\000o\000n\000s\000\040\000:\000\040\000v\000\351\000r\000i\000f\000i\000e\000r\000\040\000a\000v\000a\000n\000t\000\040\000d\000e\000\040\000p\000u\000b\000l\000i\000e\000r}{chapter.6}% 36
\BOOKMARK [1][-]{section.6.2}{\376\377\000A\000r\000g\000o\000C\000D\000\040\000:\000\040\000l\000e\000\040\000c\000l\000u\000s\000t\000e\000r\000\040\000t\000i\000r\000e\000\040\000s\000o\000n\000\040\000\351\000t\000a\000t\000\040\000d\000e\000p\000u\000i\000s\000\040\000G\000i\000t}{chapter.6}% 37
\BOOKMARK [1][-]{section.6.3}{\376\377\000L\000e\000s\000\040\000c\000o\000n\000t\000r\000\364\000l\000e\000s\000\040\000D\000e\000v\000S\000e\000c\000O\000p\000s\000\040\000i\000n\000t\000\351\000g\000r\000\351\000s\000\040\000a\000u\000\040\000f\000l\000u\000x}{chapter.6}% 38
\BOOKMARK [-1][-]{part.2}{\376\377\000I\000I\000\040\000A\000n\000a\000l\000y\000s\000e\000\040\000c\000r\000i\000t\000i\000q\000u\000e}{}% 39
\BOOKMARK [0][-]{chapter.7}{\376\377\000C\000h\000o\000i\000x\000\040\000t\000e\000c\000h\000n\000i\000q\000u\000e\000s\000\040\000:\000\040\000s\000y\000n\000t\000h\000\350\000s\000e\000\040\000c\000o\000m\000p\000a\000r\000a\000t\000i\000v\000e}{part.2}% 40
\BOOKMARK [1][-]{section.7.1}{\376\377\000T\000r\000o\000i\000s\000\040\000f\000a\000m\000i\000l\000l\000e\000s\000\040\000d\000'\000a\000l\000t\000e\000r\000n\000a\000t\000i\000v\000e\000s\000\040\000r\000\351\000c\000u\000r\000r\000e\000n\000t\000e\000s}{chapter.7}% 41
\BOOKMARK [1][-]{section.7.2}{\376\377\000L\000e\000\040\000f\000i\000l\000\040\000d\000i\000r\000e\000c\000t\000e\000u\000r\000\040\000d\000e\000\040\000c\000e\000s\000\040\000a\000r\000b\000i\000t\000r\000a\000g\000e\000s}{chapter.7}% 42
\BOOKMARK [0][-]{chapter.8}{\376\377\000L\000i\000m\000i\000t\000e\000s\000\040\000a\000s\000s\000u\000m\000\351\000e\000s\000\040\000e\000t\000\040\000d\000e\000t\000t\000e\000\040\000t\000e\000c\000h\000n\000i\000q\000u\000e}{part.2}% 43
\BOOKMARK [1][-]{section.8.1}{\376\377\000D\000e\000t\000t\000e\000\040\000d\000e\000\040\000s\000\351\000c\000u\000r\000i\000t\000\351\000\040\000a\000s\000s\000u\000m\000\351\000e}{chapter.8}% 44
\BOOKMARK [1][-]{section.8.2}{\376\377\000D\000e\000t\000t\000e\000\040\000d\000'\000e\000x\000\351\000c\000u\000t\000i\000o\000n}{chapter.8}% 45
\BOOKMARK [1][-]{section.8.3}{\376\377\000D\000e\000t\000t\000e\000\040\000c\000o\000s\000m\000\351\000t\000i\000q\000u\000e\000\040\000e\000t\000\040\000r\000\351\000s\000i\000d\000u\000e\000l\000l\000e}{chapter.8}% 46
\BOOKMARK [0][-]{chapter.9}{\376\377\000V\000a\000l\000i\000d\000a\000t\000i\000o\000n\000\040\000:\000\040\000s\000c\000\351\000n\000a\000r\000i\000o\000s\000\040\000d\000e\000\040\000b\000o\000u\000t\000\040\000e\000n\000\040\000b\000o\000u\000t}{part.2}% 47
\BOOKMARK [1][-]{section.9.1}{\376\377\000S\000c\000\351\000n\000a\000r\000i\000o\000\040\0001\000\040\040\024\000\040\000D\000u\000\040\000c\000o\000m\000m\000i\000t\000\040\000a\000u\000\040\000d\000\351\000p\000l\000o\000i\000e\000m\000e\000n\000t}{chapter.9}% 48
\BOOKMARK [1][-]{section.9.2}{\376\377\000S\000c\000\351\000n\000a\000r\000i\000o\000\040\0002\000\040\040\024\000\040\000I\000n\000c\000i\000d\000e\000n\000t\000\040\000V\000a\000u\000l\000t\000\040\000i\000n\000d\000i\000s\000p\000o\000n\000i\000b\000l\000e}{chapter.9}% 49
\BOOKMARK [1][-]{section.9.3}{\376\377\000S\000c\000\351\000n\000a\000r\000i\000o\000\040\0003\000\040\040\024\000\040\000F\000u\000i\000t\000e\000\040\000m\000\351\000m\000o\000i\000r\000e\000\040\000e\000t\000\040\000O\000O\000M\000K\000i\000l\000l}{chapter.9}% 50
\BOOKMARK [1][-]{section.9.4}{\376\377\000S\000c\000\351\000n\000a\000r\000i\000o\000\040\0004\000\040\040\024\000\040\000S\000t\000r\000e\000s\000s\000\040\000H\000P\000A\000\040\000e\000t\000\040\000a\000n\000t\000i\000-\000f\000l\000a\000p\000p\000i\000n\000g}{chapter.9}% 51
\BOOKMARK [1][-]{section.9.5}{\376\377\000S\000c\000\351\000n\000a\000r\000i\000o\000\040\0005\000\040\040\024\000\040\000R\000o\000l\000l\000b\000a\000c\000k\000\040\000G\000i\000t\000O\000p\000s\000\040\000a\000p\000r\000\350\000s\000\040\000r\000\351\000g\000r\000e\000s\000s\000i\000o\000n}{chapter.9}% 52
\BOOKMARK [1][-]{section.9.6}{\376\377\000S\000c\000\351\000n\000a\000r\000i\000o\000\040\0006\000\040\040\024\000\040\000R\000o\000t\000a\000t\000i\000o\000n\000\040\000c\000o\000m\000p\000l\000\350\000t\000e\000\040\000d\000e\000s\000\040\000s\000e\000c\000r\000e\000t\000s}{chapter.9}% 53
\BOOKMARK [1][-]{section.9.7}{\376\377\000S\000c\000\351\000n\000a\000r\000i\000o\000\040\0007\000\040\040\024\000\040\000D\000\351\000t\000e\000c\000t\000i\000o\000n\000\040\000d\000e\000\040\000d\000r\000i\000f\000t\000\040\000s\000u\000p\000p\000l\000y\000-\000c\000h\000a\000i\000n}{chapter.9}% 54
\BOOKMARK [1][-]{section.9.8}{\376\377\000O\000u\000t\000i\000l\000s\000\040\000d\000e\000\040\000v\000\351\000r\000i\000f\000i\000c\000a\000t\000i\000o\000n\000\040\000c\000o\000n\000t\000i\000n\000u\000e}{chapter.9}% 55
\BOOKMARK [0][-]{chapter*.27}{\376\377\000C\000o\000n\000c\000l\000u\000s\000i\000o\000n\000\040\000g\000\351\000n\000\351\000r\000a\000l\000e\000\040\000e\000t\000\040\000p\000e\000r\000s\000p\000e\000c\000t\000i\000v\000e\000s}{part.2}% 56
\BOOKMARK [0][-]{chapter*.28}{\376\377\000B\000i\000b\000l\000i\000o\000g\000r\000a\000p\000h\000i\000e}{part.2}% 57
\BOOKMARK [0][-]{appendix.A}{\376\377\000C\000o\000m\000m\000a\000n\000d\000e\000s\000\040\000u\000t\000i\000l\000e\000s}{part.2}% 58
\BOOKMARK [0][-]{appendix.B}{\376\377\000V\000a\000r\000i\000a\000b\000l\000e\000s\000\040\000d\000'\000e\000n\000v\000i\000r\000o\000n\000n\000e\000m\000e\000n\000t}{part.2}% 59
\BOOKMARK [0][-]{appendix.C}{\376\377\000I\000n\000d\000e\000x\000\040\000d\000e\000s\000\040\000c\000a\000p\000t\000u\000r\000e\000s\000\040\000d\000e\000m\000a\000n\000d\000\351\000e\000s}{part.2}% 60
\BOOKMARK [0][-]{appendix.D}{\376\377\000A\000r\000b\000o\000r\000e\000s\000c\000e\000n\000c\000e\000\040\000c\000o\000m\000m\000e\000n\000t\000\351\000e\000\040\000d\000u\000\040\000d\000\351\000p\000\364\000t}{part.2}% 61
\BOOKMARK [0][-]{appendix.E}{\376\377\000G\000l\000o\000s\000s\000a\000i\000r\000e}{part.2}% 62
\BOOKMARK [0][-]{appendix.F}{\376\377\000J\000o\000u\000r\000n\000a\000l\000\040\000d\000e\000s\000\040\000d\000\351\000c\000i\000s\000i\000o\000n\000s\000\040\000\050\000e\000x\000t\000r\000a\000i\000t\000s\000\040\000A\000D\000R\000\051}{part.2}% 63
\BOOKMARK [0][-]{appendix.G}{\376\377\000C\000a\000r\000t\000o\000g\000r\000a\000p\000h\000i\000e\000\040\000d\000e\000s\000\040\000p\000o\000r\000t\000s\000\040\000e\000t\000\040\000e\000n\000d\000p\000o\000i\000n\000t\000s}{part.2}% 64
\BOOKMARK [0][-]{appendix.H}{\376\377\000C\000h\000e\000c\000k\000l\000i\000s\000t\000s\000\040\000d\000'\000e\000x\000p\000l\000o\000i\000t\000a\000t\000i\000o\000n}{part.2}% 65
\BOOKMARK [1][-]{section.H.1}{\376\377\000Q\000u\000o\000t\000i\000d\000i\000e\000n\000n\000e\000\040\000\050\0005\000\040\000m\000i\000n\000\051}{appendix.H}% 66
\BOOKMARK [1][-]{section.H.2}{\376\377\000H\000e\000b\000d\000o\000m\000a\000d\000a\000i\000r\000e\000\040\000\050\0002\0000\000\040\000m\000i\000n\000\051}{appendix.H}% 67
\BOOKMARK [1][-]{section.H.3}{\376\377\000M\000e\000n\000s\000u\000e\000l\000l\000e\000\040\000\050\0001\000\040\000h\000\051}{appendix.H}% 68
\BOOKMARK [0][-]{appendix.I}{\376\377\000B\000a\000n\000q\000u\000e\000\040\000d\000e\000\040\000q\000u\000e\000s\000t\000i\000o\000n\000s\000\040\000/\000\040\000r\000\351\000p\000o\000n\000s\000e\000s\000\040\000\351\000c\000l\000a\000i\000r}{part.2}% 69
\BOOKMARK [0][-]{appendix.J}{\376\377\000M\000a\000t\000r\000i\000c\000e\000\040\000o\000u\000t\000i\000l\000s\000\040\000\040\000d\000i\000m\000e\000n\000s\000i\000o\000n\000s\000\040\000D\000e\000v\000O\000p\000s}{part.2}% 70
\BOOKMARK [0][-]{appendix.K}{\376\377\000F\000e\000u\000i\000l\000l\000e\000\040\000d\000e\000\040\000r\000o\000u\000t\000e\000\040\000d\000e\000\040\000d\000u\000r\000c\000i\000s\000s\000e\000m\000e\000n\000t}{part.2}% 71
\BOOKMARK [1][-]{section.K.1}{\376\377\000V\000a\000u\000l\000t\000\040\000:\000\040\000d\000u\000\040\000d\000e\000v\000-\000m\000o\000d\000e\000\040\000\340\000\040\000l\000a\000\040\000p\000r\000o\000d\000u\000c\000t\000i\000o\000n}{appendix.K}% 72
\BOOKMARK [1][-]{section.K.2}{\376\377\000P\000o\000l\000i\000c\000i\000e\000s\000\040\000:\000\040\000A\000u\000d\000i\000t\000\040\000\040\000E\000n\000f\000o\000r\000c\000e}{appendix.K}% 73
\BOOKMARK [1][-]{section.K.3}{\376\377\000C\000I\000/\000C\000D}{appendix.K}% 74
\BOOKMARK [1][-]{section.K.4}{\376\377\000A\000p\000p\000l\000i\000c\000a\000t\000i\000o\000n}{appendix.K}% 75
\BOOKMARK [0][-]{appendix.L}{\376\377\000C\000o\000r\000r\000e\000s\000p\000o\000n\000d\000a\000n\000c\000e\000\040\000a\000l\000e\000r\000t\000e\000s\000\040\000/\000\040\000i\000n\000c\000i\000d\000e\000n\000t\000s\000\040\000/\000\040\000r\000u\000n\000b\000o\000o\000k\000s}{part.2}% 76
\BOOKMARK [0][-]{appendix.M}{\376\377\000G\000u\000i\000d\000e\000\040\000d\000e\000\040\000r\000\351\000a\000l\000i\000s\000a\000t\000i\000o\000n\000\040\000d\000e\000s\000\040\000c\000a\000p\000t\000u\000r\000e\000s}{part.2}% 77
\BOOKMARK [1][-]{section.M.1}{\376\377\000C\000o\000n\000v\000e\000n\000t\000i\000o\000n\000s\000\040\000g\000\351\000n\000\351\000r\000a\000l\000e\000s}{appendix.M}% 78
\BOOKMARK [1][-]{section.M.2}{\376\377\000O\000r\000d\000r\000e\000\040\000c\000o\000n\000s\000e\000i\000l\000l\000\351\000\040\000d\000e\000\040\000p\000r\000i\000s\000e\000\040\000d\000e\000\040\000c\000a\000p\000t\000u\000r\000e\000s}{appendix.M}% 79
\BOOKMARK [1][-]{section.M.3}{\376\377\000R\000a\000p\000p\000e\000l\000s\000\040\000u\000t\000i\000l\000e\000s\000\040\000p\000e\000n\000d\000a\000n\000t\000\040\000l\000a\000\040\000c\000a\000p\000t\000u\000r\000e}{appendix.M}% 80
